------------------------------------------------------------
Timing Analyzer Summary
------------------------------------------------------------

Type  : Slow 1200mV 100C Model Setup 'clk'
Slack : -3.043
TNS   : -68.280

Type  : Slow 1200mV 100C Model Setup 'divide:u2|clk_p'
Slack : -0.216
TNS   : -0.216

Type  : Slow 1200mV 100C Model Hold 'divide:u2|clk_p'
Slack : 0.348
TNS   : 0.000

Type  : Slow 1200mV 100C Model Hold 'clk'
Slack : 0.663
TNS   : 0.000

Type  : Slow 1200mV 100C Model Minimum Pulse Width 'clk'
Slack : -3.000
TNS   : -49.299

Type  : Slow 1200mV 100C Model Minimum Pulse Width 'divide:u2|clk_p'
Slack : -1.403
TNS   : -4.209

Type  : Slow 1200mV -40C Model Setup 'clk'
Slack : -2.624
TNS   : -54.848

Type  : Slow 1200mV -40C Model Setup 'divide:u2|clk_p'
Slack : -0.054
TNS   : -0.054

Type  : Slow 1200mV -40C Model Hold 'divide:u2|clk_p'
Slack : 0.298
TNS   : 0.000

Type  : Slow 1200mV -40C Model Hold 'clk'
Slack : 0.578
TNS   : 0.000

Type  : Slow 1200mV -40C Model Minimum Pulse Width 'clk'
Slack : -3.000
TNS   : -49.299

Type  : Slow 1200mV -40C Model Minimum Pulse Width 'divide:u2|clk_p'
Slack : -1.403
TNS   : -4.209

Type  : Fast 1200mV -40C Model Setup 'clk'
Slack : -0.704
TNS   : -9.814

Type  : Fast 1200mV -40C Model Setup 'divide:u2|clk_p'
Slack : 0.485
TNS   : 0.000

Type  : Fast 1200mV -40C Model Hold 'divide:u2|clk_p'
Slack : 0.145
TNS   : 0.000

Type  : Fast 1200mV -40C Model Hold 'clk'
Slack : 0.235
TNS   : 0.000

Type  : Fast 1200mV -40C Model Minimum Pulse Width 'clk'
Slack : -3.000
TNS   : -36.846

Type  : Fast 1200mV -40C Model Minimum Pulse Width 'divide:u2|clk_p'
Slack : -1.000
TNS   : -3.000

------------------------------------------------------------
